
 ------------------------HAMS (Hydrodynamic Analysis of Marine Structures)---------------------

                                                         Code Original Author: Yingyi Liu

  HAMS is an open-source software for computing wave diffraction and radiation of 3D structures.

 Please cite the following papers in your publications, reports, etc., when HAMS has been used in your work:

  (1) Yingyi Liu. (2019).
      HAMS: A Frequency-Domain Preprocessor for Wave-Structure Interactions
      Theory, Development, and Application. Journal of Marine Science and Engineering, 7(3), 81.

  (2) Yingyi Liu et al. (2018). 
      A reliable open-source package for performance evaluation of floating renewable energy systems
      in coastal and offshore regions. Energy Conversion and Management, 174: 516-536.

  (3) Yingyi Liu et al. (2016).
      Motion response prediction by hybrid panel-stick models for a semi-submersible with bracings.
      Journal of Marine Science and Technology, 21: 742-757.

  (4) Yingyi Liu et al. (2015).
      A calculation method for finite depth free-surface green function.
      International Journal of Naval Architecture and Ocean Engineering, 7: 375-389.

  Paper list to be continued...

 -----------------------------------------------------------------------------------------------

At line 132 of file InputFiles.f90 (unit = 21)
Fortran runtime error: Cannot open file 'Output/Hams_format/OEXFOR1.txt': No such file or directory

Error termination. Backtrace:
#0  0x4c0ed3 in ???
#1  0x43aa21 in ???
#2  0x2f0cbb in ???
#3  0x4b8ae6 in ???
#4  0x42019d in ???
#5  0xf7054437 in readopenfiles_
	at E:/Projects/20260728-HAMS/SourceCode/InputFiles.f90:132
#6  0xf706581e in __hams_full_MOD_exec
	at E:/Projects/20260728-HAMS/SourceCode/HAMS_Prog.f90:128
#7  0xf706e8df in hams
	at E:/Projects/20260728-HAMS/SourceCode/HAMS_Prog.f90:347
#8  0xf706e8df in main
	at E:/Projects/20260728-HAMS/SourceCode/HAMS_Prog.f90:346
